src/controllers/jersey.controller.ts(348,38): error TS2551: Property 'jerseyWorker' does not exist on type 'PrismaClient<{ log: ("info" | "query" | "warn" | "error")[]; }, never, DefaultArgs>'. Did you mean 'jerseyOrder'?
src/controllers/jersey.controller.ts(366,37): error TS2551: Property 'jerseyWorker' does not exist on type 'PrismaClient<{ log: ("info" | "query" | "warn" | "error")[]; }, never, DefaultArgs>'. Did you mean 'jerseyOrder'?
src/controllers/jersey.controller.ts(413,37): error TS2551: Property 'jerseyWorker' does not exist on type 'PrismaClient<{ log: ("info" | "query" | "warn" | "error")[]; }, never, DefaultArgs>'. Did you mean 'jerseyOrder'?
src/controllers/jersey.controller.ts(443,39): error TS2551: Property 'jerseyWorker' does not exist on type 'PrismaClient<{ log: ("info" | "query" | "warn" | "error")[]; }, never, DefaultArgs>'. Did you mean 'jerseyOrder'?
src/controllers/jersey.controller.ts(451,37): error TS2551: Property 'jerseyWorker' does not exist on type 'PrismaClient<{ log: ("info" | "query" | "warn" | "error")[]; }, never, DefaultArgs>'. Did you mean 'jerseyOrder'?
src/controllers/jersey.controller.ts(469,39): error TS2551: Property 'jerseyWorker' does not exist on type 'PrismaClient<{ log: ("info" | "query" | "warn" | "error")[]; }, never, DefaultArgs>'. Did you mean 'jerseyOrder'?
src/controllers/jersey.controller.ts(477,22): error TS2551: Property 'jerseyWorker' does not exist on type 'PrismaClient<{ log: ("info" | "query" | "warn" | "error")[]; }, never, DefaultArgs>'. Did you mean 'jerseyOrder'?
src/controllers/jersey.controller.ts(508,41): error TS2551: Property 'jerseyWorker' does not exist on type 'PrismaClient<{ log: ("info" | "query" | "warn" | "error")[]; }, never, DefaultArgs>'. Did you mean 'jerseyOrder'?
src/controllers/jersey.controller.ts(525,36): error TS2339: Property 'workerTask' does not exist on type 'PrismaClient<{ log: ("info" | "query" | "warn" | "error")[]; }, never, DefaultArgs>'.
src/controllers/jersey.controller.ts(554,35): error TS2339: Property 'workerTask' does not exist on type 'PrismaClient<{ log: ("info" | "query" | "warn" | "error")[]; }, never, DefaultArgs>'.
src/controllers/jersey.controller.ts(596,35): error TS2339: Property 'workerTask' does not exist on type 'PrismaClient<{ log: ("info" | "query" | "warn" | "error")[]; }, never, DefaultArgs>'.
src/controllers/jersey.controller.ts(617,22): error TS2339: Property 'workerTask' does not exist on type 'PrismaClient<{ log: ("info" | "query" | "warn" | "error")[]; }, never, DefaultArgs>'.
src/controllers/qc.controller.ts(185,38): error TS2551: Property 'jerseyWorker' does not exist on type 'PrismaClient<{ log: ("info" | "query" | "warn" | "error")[]; }, never, DefaultArgs>'. Did you mean 'jerseyOrder'?
src/routes/analytics.routes.ts(610,17): error TS2353: Object literal may only specify known properties, and 'userId_date' does not exist in type 'DailyLogWhereUniqueInput'.
src/routes/analytics.routes.ts(766,17): error TS2353: Object literal may only specify known properties, and 'userId_date' does not exist in type 'DailyLogWhereUniqueInput'.
src/routes/athlete.routes.ts(244,60): error TS2345: Argument of type '"STAFF"' is not assignable to parameter of type 'Role'.
src/routes/athlete.routes.ts(289,62): error TS2345: Argument of type '"STAFF"' is not assignable to parameter of type 'Role'.
src/routes/attendance.routes.ts(14,73): error TS2345: Argument of type '"STAFF"' is not assignable to parameter of type 'Role'.
src/routes/category.routes.ts(17,22): error TS2322: Type 'string | ParsedQs | (string | ParsedQs)[]' is not assignable to type 'string | StringFilter<"AssetCategory">'.
  Type '(string | ParsedQs)[]' is not assignable to type 'string | StringFilter<"AssetCategory">'.
src/routes/category.routes.ts(31,60): error TS2345: Argument of type '"STAFF"' is not assignable to parameter of type 'Role'.
src/routes/inventory.routes.ts(57,60): error TS2345: Argument of type '"STAFF"' is not assignable to parameter of type 'Role'.
src/routes/inventory.routes.ts(99,62): error TS2345: Argument of type '"STAFF"' is not assignable to parameter of type 'Role'.
src/routes/inventory.routes.ts(130,75): error TS2345: Argument of type '"STAFF"' is not assignable to parameter of type 'Role'.
